[
  {
    "unMeta": {
      "bibliography": {
        "MetaInlines": [
          {
            "Str": "tests/biblio.bib"
          }
        ]
      },
      "csl": {
        "MetaInlines": [
          {
            "Str": "tests/ieee.csl"
          }
        ]
      }
    }
  },
  [
    {
      "Header": [
        1,
        [
          "pandoc-with-citeproc-hs",
          [],
          []
        ],
        [
          {
            "Str": "Pandoc"
          },
          {
            "Space": []
          },
          {
            "Str": "with"
          },
          {
            "Space": []
          },
          {
            "Str": "citeproc-hs"
          }
        ]
      ]
    },
    {
      "Para": [
        {
          "Cite": [
            [
              {
                "citationNoteNum": 0,
                "citationSuffix": [],
                "citationHash": 1,
                "citationMode": {
                  "NormalCitation": []
                },
                "citationPrefix": [],
                "citationId": "nonexistent"
              }
            ],
            [
              {
                "Str": "["
              },
              {
                "Str": "]"
              }
            ]
          ]
        }
      ]
    },
    {
      "Para": [
        {
          "Cite": [
            [
              {
                "citationNoteNum": 0,
                "citationSuffix": [],
                "citationHash": 2,
                "citationMode": {
                  "AuthorInText": []
                },
                "citationPrefix": [],
                "citationId": "nonexistent"
              }
            ],
            []
          ]
        }
      ]
    },
    {
      "Para": [
        {
          "Cite": [
            [
              {
                "citationNoteNum": 0,
                "citationSuffix": [],
                "citationHash": 3,
                "citationMode": {
                  "AuthorInText": []
                },
                "citationPrefix": [],
                "citationId": "item1"
              }
            ],
            [
              {
                "Str": "Reference"
              },
              {
                "Space": []
              },
              {
                "Str": "1"
              }
            ]
          ]
        },
        {
          "Space": []
        },
        {
          "Str": "says"
        },
        {
          "Space": []
        },
        {
          "Str": "blah."
        }
      ]
    },
    {
      "Para": [
        {
          "Cite": [
            [
              {
                "citationNoteNum": 0,
                "citationSuffix": [
                  {
                    "Str": "p."
                  },
                  {
                    "Space": []
                  },
                  {
                    "Str": "30"
                  }
                ],
                "citationHash": 4,
                "citationMode": {
                  "AuthorInText": []
                },
                "citationPrefix": [],
                "citationId": "item1"
              }
            ],
            [
              {
                "Str": "Reference"
              },
              {
                "Space": []
              },
              {
                "Str": "1"
              }
            ]
          ]
        },
        {
          "Space": []
        },
        {
          "Str": "says"
        },
        {
          "Space": []
        },
        {
          "Str": "blah."
        }
      ]
    },
    {
      "Para": [
        {
          "Cite": [
            [
              {
                "citationNoteNum": 0,
                "citationSuffix": [
                  {
                    "Str": "p."
                  },
                  {
                    "Space": []
                  },
                  {
                    "Str": "30,"
                  },
                  {
                    "Space": []
                  },
                  {
                    "Str": "with"
                  },
                  {
                    "Space": []
                  },
                  {
                    "Str": "suffix"
                  }
                ],
                "citationHash": 5,
                "citationMode": {
                  "AuthorInText": []
                },
                "citationPrefix": [],
                "citationId": "item1"
              }
            ],
            [
              {
                "Str": "Reference"
              },
              {
                "Space": []
              },
              {
                "Str": "1"
              }
            ]
          ]
        },
        {
          "Space": []
        },
        {
          "Str": "says"
        },
        {
          "Space": []
        },
        {
          "Str": "blah."
        }
      ]
    },
    {
      "Para": [
        {
          "Cite": [
            [
              {
                "citationNoteNum": 0,
                "citationSuffix": [],
                "citationHash": 6,
                "citationMode": {
                  "AuthorInText": []
                },
                "citationPrefix": [],
                "citationId": "item1"
              },
              {
                "citationNoteNum": 0,
                "citationSuffix": [
                  {
                    "Space": []
                  },
                  {
                    "Str": "p."
                  },
                  {
                    "Space": []
                  },
                  {
                    "Str": "30"
                  }
                ],
                "citationHash": 7,
                "citationMode": {
                  "SuppressAuthor": []
                },
                "citationPrefix": [],
                "citationId": "item2"
              },
              {
                "citationNoteNum": 0,
                "citationSuffix": [],
                "citationHash": 8,
                "citationMode": {
                  "NormalCitation": []
                },
                "citationPrefix": [
                  {
                    "Str": "see"
                  },
                  {
                    "Space": []
                  },
                  {
                    "Str": "also"
                  }
                ],
                "citationId": "пункт3"
              }
            ],
            [
              {
                "Str": "Reference"
              },
              {
                "Space": []
              },
              {
                "Str": "1"
              },
              {
                "Space": []
              },
              {
                "Str": "["
              },
              {
                "Str": "3"
              },
              {
                "Str": "]"
              }
            ]
          ]
        },
        {
          "Space": []
        },
        {
          "Str": "says"
        },
        {
          "Space": []
        },
        {
          "Str": "blah."
        }
      ]
    },
    {
      "Para": [
        {
          "Str": "In"
        },
        {
          "Space": []
        },
        {
          "Str": "a"
        },
        {
          "Space": []
        },
        {
          "Str": "note."
        },
        {
          "Note": [
            {
              "Para": [
                {
                  "Cite": [
                    [
                      {
                        "citationNoteNum": 0,
                        "citationSuffix": [
                          {
                            "Str": "p."
                          },
                          {
                            "Space": []
                          },
                          {
                            "Str": "12"
                          }
                        ],
                        "citationHash": 9,
                        "citationMode": {
                          "AuthorInText": []
                        },
                        "citationPrefix": [],
                        "citationId": "пункт3"
                      }
                    ],
                    [
                      {
                        "Str": "Reference"
                      },
                      {
                        "Space": []
                      },
                      {
                        "Str": "3"
                      }
                    ]
                  ]
                },
                {
                  "Space": []
                },
                {
                  "Str": "and"
                },
                {
                  "Space": []
                },
                {
                  "Str": "a"
                },
                {
                  "Space": []
                },
                {
                  "Str": "citation"
                },
                {
                  "Space": []
                },
                {
                  "Str": "without"
                },
                {
                  "Space": []
                },
                {
                  "Str": "locators"
                },
                {
                  "Space": []
                },
                {
                  "Cite": [
                    [
                      {
                        "citationNoteNum": 0,
                        "citationSuffix": [],
                        "citationHash": 10,
                        "citationMode": {
                          "NormalCitation": []
                        },
                        "citationPrefix": [],
                        "citationId": "пункт3"
                      }
                    ],
                    [
                      {
                        "Str": "["
                      },
                      {
                        "Str": "3"
                      },
                      {
                        "Str": "]"
                      }
                    ]
                  ]
                },
                {
                  "Str": "."
                }
              ]
            }
          ]
        }
      ]
    },
    {
      "Para": [
        {
          "Str": "A"
        },
        {
          "Space": []
        },
        {
          "Str": "citation"
        },
        {
          "Space": []
        },
        {
          "Str": "group"
        },
        {
          "Space": []
        },
        {
          "Cite": [
            [
              {
                "citationNoteNum": 0,
                "citationSuffix": [
                  {
                    "Space": []
                  },
                  {
                    "Str": "chap."
                  },
                  {
                    "Space": []
                  },
                  {
                    "Str": "3"
                  }
                ],
                "citationHash": 11,
                "citationMode": {
                  "NormalCitation": []
                },
                "citationPrefix": [
                  {
                    "Str": "see"
                  }
                ],
                "citationId": "item1"
              },
              {
                "citationNoteNum": 0,
                "citationSuffix": [
                  {
                    "Space": []
                  },
                  {
                    "Str": "p."
                  },
                  {
                    "Space": []
                  },
                  {
                    "Str": "34-35"
                  }
                ],
                "citationHash": 12,
                "citationMode": {
                  "NormalCitation": []
                },
                "citationPrefix": [
                  {
                    "Str": "also"
                  }
                ],
                "citationId": "пункт3"
              }
            ],
            [
              {
                "Str": "["
              },
              {
                "Str": "1"
              },
              {
                "Str": "]"
              },
              {
                "Str": ","
              },
              {
                "Space": []
              },
              {
                "Str": "["
              },
              {
                "Str": "3"
              },
              {
                "Str": "]"
              }
            ]
          ]
        },
        {
          "Str": "."
        }
      ]
    },
    {
      "Para": [
        {
          "Str": "Another"
        },
        {
          "Space": []
        },
        {
          "Str": "one"
        },
        {
          "Space": []
        },
        {
          "Cite": [
            [
              {
                "citationNoteNum": 0,
                "citationSuffix": [
                  {
                    "Space": []
                  },
                  {
                    "Str": "p."
                  },
                  {
                    "Space": []
                  },
                  {
                    "Str": "34-35"
                  }
                ],
                "citationHash": 13,
                "citationMode": {
                  "NormalCitation": []
                },
                "citationPrefix": [
                  {
                    "Str": "see"
                  }
                ],
                "citationId": "item1"
              }
            ],
            [
              {
                "Str": "["
              },
              {
                "Str": "1"
              },
              {
                "Str": "]"
              }
            ]
          ]
        },
        {
          "Str": "."
        }
      ]
    },
    {
      "Para": [
        {
          "Str": "And"
        },
        {
          "Space": []
        },
        {
          "Str": "another"
        },
        {
          "Space": []
        },
        {
          "Str": "one"
        },
        {
          "Space": []
        },
        {
          "Str": "in"
        },
        {
          "Space": []
        },
        {
          "Str": "a"
        },
        {
          "Space": []
        },
        {
          "Str": "note."
        },
        {
          "Note": [
            {
              "Para": [
                {
                  "Str": "Some"
                },
                {
                  "Space": []
                },
                {
                  "Str": "citations"
                },
                {
                  "Space": []
                },
                {
                  "Cite": [
                    [
                      {
                        "citationNoteNum": 0,
                        "citationSuffix": [
                          {
                            "Space": []
                          },
                          {
                            "Str": "chap."
                          },
                          {
                            "Space": []
                          },
                          {
                            "Str": "3"
                          }
                        ],
                        "citationHash": 14,
                        "citationMode": {
                          "NormalCitation": []
                        },
                        "citationPrefix": [
                          {
                            "Str": "see"
                          }
                        ],
                        "citationId": "item1"
                      },
                      {
                        "citationNoteNum": 0,
                        "citationSuffix": [],
                        "citationHash": 15,
                        "citationMode": {
                          "NormalCitation": []
                        },
                        "citationPrefix": [],
                        "citationId": "пункт3"
                      },
                      {
                        "citationNoteNum": 0,
                        "citationSuffix": [],
                        "citationHash": 16,
                        "citationMode": {
                          "NormalCitation": []
                        },
                        "citationPrefix": [],
                        "citationId": "item2"
                      }
                    ],
                    [
                      {
                        "Str": "["
                      },
                      {
                        "Str": "1"
                      },
                      {
                        "Str": "–"
                      },
                      {
                        "Str": "3"
                      },
                      {
                        "Str": "]"
                      }
                    ]
                  ]
                },
                {
                  "Str": "."
                }
              ]
            }
          ]
        }
      ]
    },
    {
      "Para": [
        {
          "Str": "Citation"
        },
        {
          "Space": []
        },
        {
          "Str": "with"
        },
        {
          "Space": []
        },
        {
          "Str": "a"
        },
        {
          "Space": []
        },
        {
          "Str": "suffix"
        },
        {
          "Space": []
        },
        {
          "Str": "and"
        },
        {
          "Space": []
        },
        {
          "Str": "locator"
        },
        {
          "Space": []
        },
        {
          "Cite": [
            [
              {
                "citationNoteNum": 0,
                "citationSuffix": [
                  {
                    "Space": []
                  },
                  {
                    "Str": "pp."
                  },
                  {
                    "Space": []
                  },
                  {
                    "Str": "33,"
                  },
                  {
                    "Space": []
                  },
                  {
                    "Str": "35-37,"
                  },
                  {
                    "Space": []
                  },
                  {
                    "Str": "and"
                  },
                  {
                    "Space": []
                  },
                  {
                    "Str": "nowhere"
                  },
                  {
                    "Space": []
                  },
                  {
                    "Str": "else"
                  }
                ],
                "citationHash": 17,
                "citationMode": {
                  "NormalCitation": []
                },
                "citationPrefix": [],
                "citationId": "item1"
              }
            ],
            [
              {
                "Str": "["
              },
              {
                "Str": "1"
              },
              {
                "Str": "]"
              }
            ]
          ]
        },
        {
          "Str": "."
        }
      ]
    },
    {
      "Para": [
        {
          "Str": "Citation"
        },
        {
          "Space": []
        },
        {
          "Str": "with"
        },
        {
          "Space": []
        },
        {
          "Str": "suffix"
        },
        {
          "Space": []
        },
        {
          "Str": "only"
        },
        {
          "Space": []
        },
        {
          "Cite": [
            [
              {
                "citationNoteNum": 0,
                "citationSuffix": [
                  {
                    "Space": []
                  },
                  {
                    "Str": "and"
                  },
                  {
                    "Space": []
                  },
                  {
                    "Str": "nowhere"
                  },
                  {
                    "Space": []
                  },
                  {
                    "Str": "else"
                  }
                ],
                "citationHash": 18,
                "citationMode": {
                  "NormalCitation": []
                },
                "citationPrefix": [],
                "citationId": "item1"
              }
            ],
            [
              {
                "Str": "["
              },
              {
                "Str": "1"
              },
              {
                "Str": "]"
              }
            ]
          ]
        },
        {
          "Str": "."
        }
      ]
    },
    {
      "Para": [
        {
          "Str": "Now"
        },
        {
          "Space": []
        },
        {
          "Str": "some"
        },
        {
          "Space": []
        },
        {
          "Str": "modifiers."
        },
        {
          "Note": [
            {
              "Para": [
                {
                  "Str": "Like"
                },
                {
                  "Space": []
                },
                {
                  "Str": "a"
                },
                {
                  "Space": []
                },
                {
                  "Str": "citation"
                },
                {
                  "Space": []
                },
                {
                  "Str": "without"
                },
                {
                  "Space": []
                },
                {
                  "Str": "author:"
                },
                {
                  "Space": []
                },
                {
                  "Cite": [
                    [
                      {
                        "citationNoteNum": 0,
                        "citationSuffix": [],
                        "citationHash": 19,
                        "citationMode": {
                          "SuppressAuthor": []
                        },
                        "citationPrefix": [],
                        "citationId": "item1"
                      }
                    ],
                    [
                      {
                        "Str": "["
                      },
                      {
                        "Str": "1"
                      },
                      {
                        "Str": "]"
                      }
                    ]
                  ]
                },
                {
                  "Str": ","
                },
                {
                  "Space": []
                },
                {
                  "Str": "and"
                },
                {
                  "Space": []
                },
                {
                  "Str": "now"
                },
                {
                  "Space": []
                },
                {
                  "Str": "Doe"
                },
                {
                  "Space": []
                },
                {
                  "Str": "with"
                },
                {
                  "Space": []
                },
                {
                  "Str": "a"
                },
                {
                  "Space": []
                },
                {
                  "Str": "locator"
                },
                {
                  "Space": []
                },
                {
                  "Cite": [
                    [
                      {
                        "citationNoteNum": 0,
                        "citationSuffix": [
                          {
                            "Space": []
                          },
                          {
                            "Str": "p."
                          },
                          {
                            "Space": []
                          },
                          {
                            "Str": "44"
                          }
                        ],
                        "citationHash": 20,
                        "citationMode": {
                          "SuppressAuthor": []
                        },
                        "citationPrefix": [],
                        "citationId": "item2"
                      }
                    ],
                    [
                      {
                        "Str": "["
                      },
                      {
                        "Str": "2"
                      },
                      {
                        "Str": "]"
                      }
                    ]
                  ]
                },
                {
                  "Str": "."
                }
              ]
            }
          ]
        }
      ]
    },
    {
      "Para": [
        {
          "Str": "With"
        },
        {
          "Space": []
        },
        {
          "Str": "some"
        },
        {
          "Space": []
        },
        {
          "Str": "markup"
        },
        {
          "Space": []
        },
        {
          "Cite": [
            [
              {
                "citationNoteNum": 0,
                "citationSuffix": [
                  {
                    "Space": []
                  },
                  {
                    "Str": "p."
                  },
                  {
                    "Space": []
                  },
                  {
                    "Strong": [
                      {
                        "Str": "32"
                      }
                    ]
                  }
                ],
                "citationHash": 21,
                "citationMode": {
                  "NormalCitation": []
                },
                "citationPrefix": [
                  {
                    "Emph": [
                      {
                        "Str": "see"
                      }
                    ]
                  }
                ],
                "citationId": "item1"
              }
            ],
            [
              {
                "Str": "["
              },
              {
                "Str": "1"
              },
              {
                "Str": "]"
              }
            ]
          ]
        },
        {
          "Str": "."
        }
      ]
    },
    {
      "Div": [
        [
          "",
          [
            "references"
          ],
          []
        ],
        [
          {
            "Header": [
              1,
              [
                "references",
                [],
                []
              ],
              [
                {
                  "Str": "References"
                }
              ]
            ]
          },
          {
            "Para": [
              {
                "Str": "[1]"
              },
              {
                "Space": []
              },
              {
                "Str": "J."
              },
              {
                "Space": []
              },
              {
                "Str": "Doe,"
              },
              {
                "Space": []
              },
              {
                "Emph": [
                  {
                    "Str": "First"
                  },
                  {
                    "Space": []
                  },
                  {
                    "Str": "book"
                  }
                ]
              },
              {
                "Str": "."
              },
              {
                "Space": []
              },
              {
                "Str": "Cambridge:"
              },
              {
                "Space": []
              },
              {
                "Str": "Cambridge"
              },
              {
                "Space": []
              },
              {
                "Str": "University"
              },
              {
                "Space": []
              },
              {
                "Str": "Press,"
              },
              {
                "Space": []
              },
              {
                "Str": "2005"
              },
              {
                "Str": "."
              }
            ]
          },
          {
            "Para": [
              {
                "Str": "[2]"
              },
              {
                "Space": []
              },
              {
                "Str": "J."
              },
              {
                "Space": []
              },
              {
                "Str": "Doe,"
              },
              {
                "Space": []
              },
              {
                "Str": "“"
              },
              {
                "Str": "Article"
              },
              {
                "Str": ","
              },
              {
                "Str": "”"
              },
              {
                "Str": ""
              },
              {
                "Space": []
              },
              {
                "Emph": [
                  {
                    "Str": "Journal"
                  },
                  {
                    "Space": []
                  },
                  {
                    "Str": "of"
                  },
                  {
                    "Space": []
                  },
                  {
                    "Str": "generic"
                  },
                  {
                    "Space": []
                  },
                  {
                    "Str": "studies"
                  }
                ]
              },
              {
                "Str": ","
              },
              {
                "Space": []
              },
              {
                "Str": "vol."
              },
              {
                "Space": []
              },
              {
                "Str": "6,"
              },
              {
                "Space": []
              },
              {
                "Str": "pp."
              },
              {
                "Space": []
              },
              {
                "Str": "33–34,"
              },
              {
                "Space": []
              },
              {
                "Str": "2006"
              },
              {
                "Str": "."
              }
            ]
          },
          {
            "Para": [
              {
                "Str": "[3]"
              },
              {
                "Space": []
              },
              {
                "Str": "J."
              },
              {
                "Space": []
              },
              {
                "Str": "Doe"
              },
              {
                "Space": []
              },
              {
                "Str": "and"
              },
              {
                "Space": []
              },
              {
                "Str": "J."
              },
              {
                "Space": []
              },
              {
                "Str": "Roe,"
              },
              {
                "Space": []
              },
              {
                "Str": "“"
              },
              {
                "Str": "Why"
              },
              {
                "Space": []
              },
              {
                "Str": "water"
              },
              {
                "Space": []
              },
              {
                "Str": "is"
              },
              {
                "Space": []
              },
              {
                "Str": "wet"
              },
              {
                "Str": ","
              },
              {
                "Str": "”"
              },
              {
                "Str": ""
              },
              {
                "Space": []
              },
              {
                "Str": "in"
              },
              {
                "Space": []
              },
              {
                "Emph": [
                  {
                    "Str": "Third"
                  },
                  {
                    "Space": []
                  },
                  {
                    "Str": "book"
                  }
                ]
              },
              {
                "Str": ","
              },
              {
                "Space": []
              },
              {
                "Str": "S."
              },
              {
                "Space": []
              },
              {
                "Str": "Smith,"
              },
              {
                "Space": []
              },
              {
                "Str": "Ed."
              },
              {
                "Space": []
              },
              {
                "Str": "Oxford:"
              },
              {
                "Space": []
              },
              {
                "Str": "Oxford"
              },
              {
                "Space": []
              },
              {
                "Str": "University"
              },
              {
                "Space": []
              },
              {
                "Str": "Press,"
              },
              {
                "Space": []
              },
              {
                "Str": "2007"
              },
              {
                "Str": "."
              }
            ]
          }
        ]
      ]
    }
  ]
]
